#0 building with "desktop-linux" instance using docker driver

#1 [internal] load build definition from Dockerfile.readiness
#1 transferring dockerfile: 596B done
#1 DONE 0.0s

#2 [internal] load metadata for docker.io/library/python:3.11-slim
#2 DONE 0.0s

#3 [internal] load .dockerignore
#3 transferring context: 2B done
#3 DONE 0.0s

#4 [1/6] FROM docker.io/library/python:3.11-slim@sha256:be1575ed968de893bd54f4c56315ff7c4736ce522c1bca08fd521731aafc0d76
#4 resolve docker.io/library/python:3.11-slim@sha256:be1575ed968de893bd54f4c56315ff7c4736ce522c1bca08fd521731aafc0d76 0.0s done
#4 DONE 0.0s

#5 [2/6] WORKDIR /app
#5 CACHED

#6 [internal] load build context
#6 transferring context: 10.26MB 0.2s done
#6 DONE 0.3s

#7 [3/6] RUN apt-get update && apt-get install -y --no-install-recommends git && rm -rf /var/lib/apt/lists/*
#7 0.637 Get:1 http://deb.debian.org/debian trixie InRelease [140 kB]
#7 0.778 Get:2 http://deb.debian.org/debian trixie-updates InRelease [47.3 kB]
#7 0.834 Get:3 http://deb.debian.org/debian-security trixie-security InRelease [43.4 kB]
#7 0.908 Get:4 http://deb.debian.org/debian trixie/main arm64 Packages [9614 kB]
#7 1.248 Get:5 http://deb.debian.org/debian trixie-updates/main arm64 Packages [4424 B]
#7 1.333 Get:6 http://deb.debian.org/debian-security trixie-security/main arm64 Packages [262 kB]
#7 2.051 Fetched 10.1 MB in 2s (6537 kB/s)
#7 2.051 Reading package lists...
#7 2.510 Reading package lists...
#7 2.969 Building dependency tree...
#7 3.053 Reading state information...
#7 3.207 The following additional packages will be installed:
#7 3.207   git-man libbrotli1 libcom-err2 libcurl3t64-gnutls liberror-perl libexpat1
#7 3.207   libgdbm-compat4t64 libgnutls30t64 libgssapi-krb5-2 libidn2-0 libk5crypto3
#7 3.207   libkeyutils1 libkrb5-3 libkrb5support0 libldap2 libnghttp2-14 libnghttp3-9
#7 3.207   libngtcp2-16 libngtcp2-crypto-gnutls8 libp11-kit0 libperl5.40 libpsl5t64
#7 3.207   librtmp1 libsasl2-2 libsasl2-modules-db libssh2-1t64 libtasn1-6
#7 3.207   libunistring5 perl perl-base perl-modules-5.40
#7 3.208 Suggested packages:
#7 3.208   gettext-base git-doc git-email git-gui gitk gitweb git-cvs git-mediawiki
#7 3.208   git-svn gnutls-bin krb5-doc krb5-user sensible-utils perl-doc
#7 3.208   libterm-readline-gnu-perl | libterm-readline-perl-perl make
#7 3.208   libtap-harness-archive-perl
#7 3.208 Recommended packages:
#7 3.208   patch less ssh-client krb5-locales libldap-common publicsuffix
#7 3.208   libsasl2-modules
#7 3.514 The following NEW packages will be installed:
#7 3.514   git git-man libbrotli1 libcom-err2 libcurl3t64-gnutls liberror-perl
#7 3.514   libexpat1 libgdbm-compat4t64 libgnutls30t64 libgssapi-krb5-2 libidn2-0
#7 3.514   libk5crypto3 libkeyutils1 libkrb5-3 libkrb5support0 libldap2 libnghttp2-14
#7 3.514   libnghttp3-9 libngtcp2-16 libngtcp2-crypto-gnutls8 libp11-kit0 libperl5.40
#7 3.515   libpsl5t64 librtmp1 libsasl2-2 libsasl2-modules-db libssh2-1t64 libtasn1-6
#7 3.515   libunistring5 perl perl-modules-5.40
#7 3.516 The following packages will be upgraded:
#7 3.516   perl-base
#7 3.625 1 upgraded, 31 newly installed, 0 to remove and 14 not upgraded.
#7 3.625 Need to get 24.5 MB of archives.
#7 3.625 After this operation, 122 MB of additional disk space will be used.
#7 3.625 Get:1 http://deb.debian.org/debian trixie/main arm64 perl-base arm64 5.40.1-6+deb13u1 [1529 kB]
#7 3.923 Get:2 http://deb.debian.org/debian trixie/main arm64 libexpat1 arm64 2.8.3-1~deb13u1 [109 kB]
#7 3.925 Get:3 http://deb.debian.org/debian trixie/main arm64 perl-modules-5.40 all 5.40.1-6+deb13u1 [3014 kB]
#7 3.997 Get:4 http://deb.debian.org/debian trixie/main arm64 libgdbm-compat4t64 arm64 1.24-2 [50.3 kB]
#7 3.997 Get:5 http://deb.debian.org/debian trixie/main arm64 libperl5.40 arm64 5.40.1-6+deb13u1 [4138 kB]
#7 4.114 Get:6 http://deb.debian.org/debian trixie/main arm64 perl arm64 5.40.1-6+deb13u1 [268 kB]
#7 4.118 Get:7 http://deb.debian.org/debian trixie/main arm64 libbrotli1 arm64 1.1.0-2+b7 [308 kB]
#7 4.121 Get:8 http://deb.debian.org/debian trixie/main arm64 libunistring5 arm64 1.3-2 [453 kB]
#7 4.177 Get:9 http://deb.debian.org/debian trixie/main arm64 libidn2-0 arm64 2.3.8-2 [107 kB]
#7 4.179 Get:10 http://deb.debian.org/debian trixie/main arm64 libp11-kit0 arm64 0.25.5-3 [409 kB]
#7 4.184 Get:11 http://deb.debian.org/debian trixie/main arm64 libtasn1-6 arm64 4.20.0-2+deb13u1 [47.3 kB]
#7 4.237 Get:12 http://deb.debian.org/debian trixie/main arm64 libgnutls30t64 arm64 3.8.9-3+deb13u4 [1379 kB]
#7 4.258 Get:13 http://deb.debian.org/debian trixie/main arm64 libkrb5support0 arm64 1.21.3-5+deb13u1 [32.5 kB]
#7 4.259 Get:14 http://deb.debian.org/debian trixie/main arm64 libcom-err2 arm64 1.47.2-3+b12 [24.9 kB]
#7 4.260 Get:15 http://deb.debian.org/debian trixie/main arm64 libk5crypto3 arm64 1.21.3-5+deb13u1 [81.4 kB]
#7 4.262 Get:16 http://deb.debian.org/debian trixie/main arm64 libkeyutils1 arm64 1.6.3-6 [9716 B]
#7 4.264 Get:17 http://deb.debian.org/debian trixie/main arm64 libkrb5-3 arm64 1.21.3-5+deb13u1 [308 kB]
#7 4.267 Get:18 http://deb.debian.org/debian trixie/main arm64 libgssapi-krb5-2 arm64 1.21.3-5+deb13u1 [128 kB]
#7 4.269 Get:19 http://deb.debian.org/debian trixie/main arm64 libsasl2-modules-db arm64 2.1.28+dfsg1-9 [20.1 kB]
#7 4.270 Get:20 http://deb.debian.org/debian trixie/main arm64 libsasl2-2 arm64 2.1.28+dfsg1-9 [55.6 kB]
#7 4.271 Get:21 http://deb.debian.org/debian trixie/main arm64 libldap2 arm64 2.6.10+dfsg-1 [179 kB]
#7 4.313 Get:22 http://deb.debian.org/debian trixie/main arm64 libnghttp2-14 arm64 1.64.0-1.1+deb13u1 [71.6 kB]
#7 4.315 Get:23 http://deb.debian.org/debian trixie/main arm64 libnghttp3-9 arm64 1.8.0-1 [63.2 kB]
#7 4.316 Get:24 http://deb.debian.org/debian trixie/main arm64 libngtcp2-16 arm64 1.11.0-1+deb13u1 [121 kB]
#7 4.318 Get:25 http://deb.debian.org/debian trixie/main arm64 libngtcp2-crypto-gnutls8 arm64 1.11.0-1+deb13u1 [28.4 kB]
#7 4.319 Get:26 http://deb.debian.org/debian trixie/main arm64 libpsl5t64 arm64 0.21.2-1.1+b1 [57.1 kB]
#7 4.320 Get:27 http://deb.debian.org/debian trixie/main arm64 librtmp1 arm64 2.4+20151223.gitfa8646d.1-2+b5 [56.8 kB]
#7 4.322 Get:28 http://deb.debian.org/debian trixie/main arm64 libssh2-1t64 arm64 1.11.1-1+deb13u2 [236 kB]
#7 4.324 Get:29 http://deb.debian.org/debian trixie/main arm64 libcurl3t64-gnutls arm64 8.14.1-2+deb13u5 [354 kB]
#7 4.330 Get:30 http://deb.debian.org/debian trixie/main arm64 liberror-perl all 0.17030-1 [26.9 kB]
#7 4.389 Get:31 http://deb.debian.org/debian trixie/main arm64 git-man all 1:2.47.3-0+deb13u1 [2205 kB]
#7 4.420 Get:32 http://deb.debian.org/debian trixie/main arm64 git arm64 1:2.47.3-0+deb13u1 [8666 kB]
#7 4.853 debconf: unable to initialize frontend: Dialog
#7 4.853 debconf: (TERM is not set, so the dialog frontend is not usable.)
#7 4.853 debconf: falling back to frontend: Readline
#7 4.853 debconf: unable to initialize frontend: Readline
#7 4.853 debconf: (Can't locate Term/ReadLine.pm in @INC (you may need to install the Term::ReadLine module) (@INC entries checked: /etc/perl /usr/local/lib/aarch64-linux-gnu/perl/5.40.1 /usr/local/share/perl/5.40.1 /usr/lib/aarch64-linux-gnu/perl5/5.40 /usr/share/perl5 /usr/lib/aarch64-linux-gnu/perl-base /usr/lib/aarch64-linux-gnu/perl/5.40 /usr/share/perl/5.40 /usr/local/lib/site_perl) at /usr/share/perl5/Debconf/FrontEnd/Readline.pm line 8, <STDIN> line 32.)
#7 4.853 debconf: falling back to frontend: Teletype
#7 4.856 debconf: unable to initialize frontend: Teletype
#7 4.856 debconf: (This frontend requires a controlling tty.)
#7 4.856 debconf: falling back to frontend: Noninteractive
#7 5.842 Fetched 24.5 MB in 1s (23.5 MB/s)
#7 5.860 (Reading database ...
(Reading database ... 5%
(Reading database ... 10%
(Reading database ... 15%
(Reading database ... 20%
(Reading database ... 25%
(Reading database ... 30%
(Reading database ... 35%
(Reading database ... 40%
(Reading database ... 45%
(Reading database ... 50%
(Reading database ... 55%
(Reading database ... 60%
(Reading database ... 65%
(Reading database ... 70%
(Reading database ... 75%
(Reading database ... 80%
(Reading database ... 85%
(Reading database ... 90%
(Reading database ... 95%
(Reading database ... 100%
(Reading database ... 5649 files and directories currently installed.)
#7 5.878 Preparing to unpack .../perl-base_5.40.1-6+deb13u1_arm64.deb ...
#7 5.884 Unpacking perl-base (5.40.1-6+deb13u1) over (5.40.1-6) ...
#7 6.847 Setting up perl-base (5.40.1-6+deb13u1) ...
#7 6.869 Selecting previously unselected package libexpat1:arm64.
#7 6.869 (Reading database ...
(Reading database ... 5%
(Reading database ... 10%
(Reading database ... 15%
(Reading database ... 20%
(Reading database ... 25%
(Reading database ... 30%
(Reading database ... 35%
(Reading database ... 40%
(Reading database ... 45%
(Reading database ... 50%
(Reading database ... 55%
(Reading database ... 60%
(Reading database ... 65%
(Reading database ... 70%
(Reading database ... 75%
(Reading database ... 80%
(Reading database ... 85%
(Reading database ... 90%
(Reading database ... 95%
(Reading database ... 100%
(Reading database ... 5650 files and directories currently installed.)
#7 6.872 Preparing to unpack .../00-libexpat1_2.8.3-1~deb13u1_arm64.deb ...
#7 6.877 Unpacking libexpat1:arm64 (2.8.3-1~deb13u1) ...
#7 6.897 Selecting previously unselected package perl-modules-5.40.
#7 6.898 Preparing to unpack .../01-perl-modules-5.40_5.40.1-6+deb13u1_all.deb ...
#7 6.900 Unpacking perl-modules-5.40 (5.40.1-6+deb13u1) ...
#7 7.447 Selecting previously unselected package libgdbm-compat4t64:arm64.
#7 7.448 Preparing to unpack .../02-libgdbm-compat4t64_1.24-2_arm64.deb ...
#7 7.451 Unpacking libgdbm-compat4t64:arm64 (1.24-2) ...
#7 7.473 Selecting previously unselected package libperl5.40:arm64.
#7 7.473 Preparing to unpack .../03-libperl5.40_5.40.1-6+deb13u1_arm64.deb ...
#7 7.475 Unpacking libperl5.40:arm64 (5.40.1-6+deb13u1) ...
#7 8.032 Selecting previously unselected package perl.
#7 8.034 Preparing to unpack .../04-perl_5.40.1-6+deb13u1_arm64.deb ...
#7 8.036 Unpacking perl (5.40.1-6+deb13u1) ...
#7 8.069 Selecting previously unselected package libbrotli1:arm64.
#7 8.070 Preparing to unpack .../05-libbrotli1_1.1.0-2+b7_arm64.deb ...
#7 8.072 Unpacking libbrotli1:arm64 (1.1.0-2+b7) ...
#7 8.109 Selecting previously unselected package libunistring5:arm64.
#7 8.110 Preparing to unpack .../06-libunistring5_1.3-2_arm64.deb ...
#7 8.112 Unpacking libunistring5:arm64 (1.3-2) ...
#7 8.155 Selecting previously unselected package libidn2-0:arm64.
#7 8.156 Preparing to unpack .../07-libidn2-0_2.3.8-2_arm64.deb ...
#7 8.158 Unpacking libidn2-0:arm64 (2.3.8-2) ...
#7 8.180 Selecting previously unselected package libp11-kit0:arm64.
#7 8.181 Preparing to unpack .../08-libp11-kit0_0.25.5-3_arm64.deb ...
#7 8.183 Unpacking libp11-kit0:arm64 (0.25.5-3) ...
#7 8.216 Selecting previously unselected package libtasn1-6:arm64.
#7 8.216 Preparing to unpack .../09-libtasn1-6_4.20.0-2+deb13u1_arm64.deb ...
#7 8.218 Unpacking libtasn1-6:arm64 (4.20.0-2+deb13u1) ...
#7 8.247 Selecting previously unselected package libgnutls30t64:arm64.
#7 8.249 Preparing to unpack .../10-libgnutls30t64_3.8.9-3+deb13u4_arm64.deb ...
#7 8.251 Unpacking libgnutls30t64:arm64 (3.8.9-3+deb13u4) ...
#7 8.348 Selecting previously unselected package libkrb5support0:arm64.
#7 8.349 Preparing to unpack .../11-libkrb5support0_1.21.3-5+deb13u1_arm64.deb ...
#7 8.351 Unpacking libkrb5support0:arm64 (1.21.3-5+deb13u1) ...
#7 8.369 Selecting previously unselected package libcom-err2:arm64.
#7 8.370 Preparing to unpack .../12-libcom-err2_1.47.2-3+b12_arm64.deb ...
#7 8.372 Unpacking libcom-err2:arm64 (1.47.2-3+b12) ...
#7 8.389 Selecting previously unselected package libk5crypto3:arm64.
#7 8.389 Preparing to unpack .../13-libk5crypto3_1.21.3-5+deb13u1_arm64.deb ...
#7 8.392 Unpacking libk5crypto3:arm64 (1.21.3-5+deb13u1) ...
#7 8.412 Selecting previously unselected package libkeyutils1:arm64.
#7 8.413 Preparing to unpack .../14-libkeyutils1_1.6.3-6_arm64.deb ...
#7 8.415 Unpacking libkeyutils1:arm64 (1.6.3-6) ...
#7 8.431 Selecting previously unselected package libkrb5-3:arm64.
#7 8.432 Preparing to unpack .../15-libkrb5-3_1.21.3-5+deb13u1_arm64.deb ...
#7 8.434 Unpacking libkrb5-3:arm64 (1.21.3-5+deb13u1) ...
#7 8.475 Selecting previously unselected package libgssapi-krb5-2:arm64.
#7 8.476 Preparing to unpack .../16-libgssapi-krb5-2_1.21.3-5+deb13u1_arm64.deb ...
#7 8.478 Unpacking libgssapi-krb5-2:arm64 (1.21.3-5+deb13u1) ...
#7 8.498 Selecting previously unselected package libsasl2-modules-db:arm64.
#7 8.498 Preparing to unpack .../17-libsasl2-modules-db_2.1.28+dfsg1-9_arm64.deb ...
#7 8.501 Unpacking libsasl2-modules-db:arm64 (2.1.28+dfsg1-9) ...
#7 8.517 Selecting previously unselected package libsasl2-2:arm64.
#7 8.518 Preparing to unpack .../18-libsasl2-2_2.1.28+dfsg1-9_arm64.deb ...
#7 8.520 Unpacking libsasl2-2:arm64 (2.1.28+dfsg1-9) ...
#7 8.542 Selecting previously unselected package libldap2:arm64.
#7 8.543 Preparing to unpack .../19-libldap2_2.6.10+dfsg-1_arm64.deb ...
#7 8.544 Unpacking libldap2:arm64 (2.6.10+dfsg-1) ...
#7 8.588 Selecting previously unselected package libnghttp2-14:arm64.
#7 8.589 Preparing to unpack .../20-libnghttp2-14_1.64.0-1.1+deb13u1_arm64.deb ...
#7 8.591 Unpacking libnghttp2-14:arm64 (1.64.0-1.1+deb13u1) ...
#7 8.611 Selecting previously unselected package libnghttp3-9:arm64.
#7 8.612 Preparing to unpack .../21-libnghttp3-9_1.8.0-1_arm64.deb ...
#7 8.614 Unpacking libnghttp3-9:arm64 (1.8.0-1) ...
#7 8.633 Selecting previously unselected package libngtcp2-16:arm64.
#7 8.634 Preparing to unpack .../22-libngtcp2-16_1.11.0-1+deb13u1_arm64.deb ...
#7 8.636 Unpacking libngtcp2-16:arm64 (1.11.0-1+deb13u1) ...
#7 8.660 Selecting previously unselected package libngtcp2-crypto-gnutls8:arm64.
#7 8.661 Preparing to unpack .../23-libngtcp2-crypto-gnutls8_1.11.0-1+deb13u1_arm64.deb ...
#7 8.663 Unpacking libngtcp2-crypto-gnutls8:arm64 (1.11.0-1+deb13u1) ...
#7 8.681 Selecting previously unselected package libpsl5t64:arm64.
#7 8.682 Preparing to unpack .../24-libpsl5t64_0.21.2-1.1+b1_arm64.deb ...
#7 8.684 Unpacking libpsl5t64:arm64 (0.21.2-1.1+b1) ...
#7 8.711 Selecting previously unselected package librtmp1:arm64.
#7 8.712 Preparing to unpack .../25-librtmp1_2.4+20151223.gitfa8646d.1-2+b5_arm64.deb ...
#7 8.715 Unpacking librtmp1:arm64 (2.4+20151223.gitfa8646d.1-2+b5) ...
#7 8.737 Selecting previously unselected package libssh2-1t64:arm64.
#7 8.738 Preparing to unpack .../26-libssh2-1t64_1.11.1-1+deb13u2_arm64.deb ...
#7 8.741 Unpacking libssh2-1t64:arm64 (1.11.1-1+deb13u2) ...
#7 8.764 Selecting previously unselected package libcurl3t64-gnutls:arm64.
#7 8.765 Preparing to unpack .../27-libcurl3t64-gnutls_8.14.1-2+deb13u5_arm64.deb ...
#7 8.766 Unpacking libcurl3t64-gnutls:arm64 (8.14.1-2+deb13u5) ...
#7 8.801 Selecting previously unselected package liberror-perl.
#7 8.802 Preparing to unpack .../28-liberror-perl_0.17030-1_all.deb ...
#7 8.804 Unpacking liberror-perl (0.17030-1) ...
#7 8.818 Selecting previously unselected package git-man.
#7 8.819 Preparing to unpack .../29-git-man_1%3a2.47.3-0+deb13u1_all.deb ...
#7 8.820 Unpacking git-man (1:2.47.3-0+deb13u1) ...
#7 8.923 Selecting previously unselected package git.
#7 8.925 Preparing to unpack .../30-git_1%3a2.47.3-0+deb13u1_arm64.deb ...
#7 8.933 Unpacking git (1:2.47.3-0+deb13u1) ...
#7 9.617 Setting up libexpat1:arm64 (2.8.3-1~deb13u1) ...
#7 9.625 Setting up libkeyutils1:arm64 (1.6.3-6) ...
#7 9.630 Setting up libgdbm-compat4t64:arm64 (1.24-2) ...
#7 9.638 Setting up libbrotli1:arm64 (1.1.0-2+b7) ...
#7 9.643 Setting up libnghttp2-14:arm64 (1.64.0-1.1+deb13u1) ...
#7 9.648 Setting up libcom-err2:arm64 (1.47.2-3+b12) ...
#7 9.653 Setting up libkrb5support0:arm64 (1.21.3-5+deb13u1) ...
#7 9.658 Setting up libsasl2-modules-db:arm64 (2.1.28+dfsg1-9) ...
#7 9.663 Setting up libp11-kit0:arm64 (0.25.5-3) ...
#7 9.668 Setting up libunistring5:arm64 (1.3-2) ...
#7 9.676 Setting up libk5crypto3:arm64 (1.21.3-5+deb13u1) ...
#7 9.685 Setting up libsasl2-2:arm64 (2.1.28+dfsg1-9) ...
#7 9.696 Setting up libnghttp3-9:arm64 (1.8.0-1) ...
#7 9.706 Setting up perl-modules-5.40 (5.40.1-6+deb13u1) ...
#7 9.711 Setting up libtasn1-6:arm64 (4.20.0-2+deb13u1) ...
#7 9.717 Setting up git-man (1:2.47.3-0+deb13u1) ...
#7 9.722 Setting up libngtcp2-16:arm64 (1.11.0-1+deb13u1) ...
#7 9.728 Setting up libkrb5-3:arm64 (1.21.3-5+deb13u1) ...
#7 9.734 Setting up libssh2-1t64:arm64 (1.11.1-1+deb13u2) ...
#7 9.738 Setting up libldap2:arm64 (2.6.10+dfsg-1) ...
#7 9.743 Setting up libidn2-0:arm64 (2.3.8-2) ...
#7 9.749 Setting up libperl5.40:arm64 (5.40.1-6+deb13u1) ...
#7 9.754 Setting up perl (5.40.1-6+deb13u1) ...
#7 9.765 Setting up libgssapi-krb5-2:arm64 (1.21.3-5+deb13u1) ...
#7 9.774 Setting up libgnutls30t64:arm64 (3.8.9-3+deb13u4) ...
#7 9.780 Setting up libpsl5t64:arm64 (0.21.2-1.1+b1) ...
#7 9.785 Setting up liberror-perl (0.17030-1) ...
#7 9.792 Setting up librtmp1:arm64 (2.4+20151223.gitfa8646d.1-2+b5) ...
#7 9.798 Setting up libngtcp2-crypto-gnutls8:arm64 (1.11.0-1+deb13u1) ...
#7 9.805 Setting up libcurl3t64-gnutls:arm64 (8.14.1-2+deb13u5) ...
#7 9.815 Setting up git (1:2.47.3-0+deb13u1) ...
#7 9.829 Processing triggers for libc-bin (2.41-12+deb13u3) ...
#7 DONE 10.1s

#8 [4/6] COPY requirements.txt requirements-dev.txt readiness-constraints.txt /tmp/
#8 DONE 0.0s

#9 [5/6] RUN python -m pip install --no-cache-dir -c /tmp/readiness-constraints.txt -r /tmp/requirements.txt -r /tmp/requirements-dev.txt
#9 1.617 Collecting flask==3.1.3 (from -r /tmp/requirements.txt (line 3))
#9 1.794   Downloading flask-3.1.3-py3-none-any.whl.metadata (3.2 kB)
#9 1.852 Collecting flask-login==0.6.3 (from -r /tmp/requirements.txt (line 4))
#9 1.905   Downloading Flask_Login-0.6.3-py3-none-any.whl.metadata (5.8 kB)
#9 2.051 Collecting gunicorn==23.0.0 (from -r /tmp/requirements.txt (line 5))
#9 2.079   Downloading gunicorn-23.0.0-py3-none-any.whl.metadata (4.4 kB)
#9 2.186 Collecting requests==2.34.2 (from -r /tmp/requirements.txt (line 6))
#9 2.223   Downloading requests-2.34.2-py3-none-any.whl.metadata (4.8 kB)
#9 2.310 Collecting urllib3==2.7.0 (from -r /tmp/requirements.txt (line 7))
#9 2.367   Downloading urllib3-2.7.0-py3-none-any.whl.metadata (6.9 kB)
#9 2.431 Collecting click==8.5.0 (from -r /tmp/requirements.txt (line 8))
#9 2.476   Downloading click-8.5.0-py3-none-any.whl.metadata (2.6 kB)
#9 2.536 Collecting webauthn==2.7.1 (from -r /tmp/requirements.txt (line 9))
#9 2.570   Downloading webauthn-2.7.1-py3-none-any.whl.metadata (5.7 kB)
#9 2.627 Collecting pywebpush==2.4.0 (from -r /tmp/requirements.txt (line 10))
#9 2.658   Downloading pywebpush-2.4.0-py3-none-any.whl.metadata (9.8 kB)
#9 3.289 Collecting aiohttp==3.14.3 (from -r /tmp/requirements.txt (line 11))
#9 3.318   Downloading aiohttp-3.14.3-cp311-cp311-manylinux2014_aarch64.manylinux_2_17_aarch64.manylinux_2_28_aarch64.whl.metadata (8.3 kB)
#9 3.374 Collecting py-vapid==1.9.4 (from -r /tmp/requirements.txt (line 12))
#9 3.426   Downloading py_vapid-1.9.4-py2.py3-none-any.whl.metadata (4.6 kB)
#9 3.681 Collecting cryptography>=42.0.0 (from -r /tmp/requirements.txt (line 13))
#9 3.719   Downloading cryptography-50.0.1-cp311-abi3-manylinux_2_34_aarch64.whl.metadata (4.3 kB)
#9 3.779 Collecting pypdf<7.0.0,>=5.0.0 (from -r /tmp/requirements.txt (line 14))
#9 3.820   Downloading pypdf-6.18.0-py3-none-any.whl.metadata (7.5 kB)
#9 3.902 Collecting pytest==9.0.3 (from -r /tmp/requirements-dev.txt (line 3))
#9 3.938   Downloading pytest-9.0.3-py3-none-any.whl.metadata (7.6 kB)
#9 4.012 Collecting playwright==1.60.0 (from -r /tmp/requirements-dev.txt (line 4))
#9 4.066   Downloading playwright-1.60.0-py3-none-manylinux_2_17_aarch64.manylinux2014_aarch64.whl.metadata (3.5 kB)
#9 4.455 Collecting ruff==0.16.4 (from -r /tmp/requirements-dev.txt (line 5))
#9 4.496   Downloading ruff-0.16.4-py3-none-manylinux_2_17_aarch64.manylinux2014_aarch64.whl.metadata (26 kB)
#9 4.557 Collecting pip-audit==2.9.0 (from -r /tmp/requirements-dev.txt (line 6))
#9 4.602   Downloading pip_audit-2.9.0-py3-none-any.whl.metadata (27 kB)
#9 4.770 Collecting Pillow>=10.0.0 (from -r /tmp/requirements-dev.txt (line 7))
#9 4.806   Downloading pillow-12.3.0-cp311-cp311-manylinux_2_27_aarch64.manylinux_2_28_aarch64.whl.metadata (9.1 kB)
#9 4.850 Collecting blinker>=1.9.0 (from flask==3.1.3->-r /tmp/requirements.txt (line 3))
#9 4.888   Downloading blinker-1.9.0-py3-none-any.whl.metadata (1.6 kB)
#9 4.958 Collecting itsdangerous>=2.2.0 (from flask==3.1.3->-r /tmp/requirements.txt (line 3))
#9 5.004   Downloading itsdangerous-2.2.0-py3-none-any.whl.metadata (1.9 kB)
#9 5.064 Collecting jinja2>=3.1.2 (from flask==3.1.3->-r /tmp/requirements.txt (line 3))
#9 5.105   Downloading jinja2-3.1.6-py3-none-any.whl.metadata (2.9 kB)
#9 5.240 Collecting markupsafe>=2.1.1 (from flask==3.1.3->-r /tmp/requirements.txt (line 3))
#9 5.274   Downloading markupsafe-3.0.3-cp311-cp311-manylinux2014_aarch64.manylinux_2_17_aarch64.manylinux_2_28_aarch64.whl.metadata (2.7 kB)
#9 5.352 Collecting werkzeug>=3.1.0 (from flask==3.1.3->-r /tmp/requirements.txt (line 3))
#9 5.381   Downloading werkzeug-3.1.8-py3-none-any.whl.metadata (4.0 kB)
#9 5.396 Requirement already satisfied: packaging in /usr/local/lib/python3.11/site-packages (from gunicorn==23.0.0->-r /tmp/requirements.txt (line 5)) (26.3)
#9 5.585 Collecting charset_normalizer<4,>=2 (from requests==2.34.2->-r /tmp/requirements.txt (line 6))
#9 5.620   Downloading charset_normalizer-3.5.1-cp311-cp311-manylinux2014_aarch64.manylinux_2_17_aarch64.manylinux_2_28_aarch64.whl.metadata (45 kB)
#9 5.629      ━━━━━━━━━━━━━━━━━━━━━━━━━━━━━━━━━━━━━━━━ 45.9/45.9 kB 5.5 MB/s eta 0:00:00
#9 5.686 Collecting idna<4,>=2.5 (from requests==2.34.2->-r /tmp/requirements.txt (line 6))
#9 5.725   Downloading idna-3.19-py3-none-any.whl.metadata (9.2 kB)
#9 5.788 Collecting certifi>=2023.5.7 (from requests==2.34.2->-r /tmp/requirements.txt (line 6))
#9 5.823   Downloading certifi-2026.7.22-py3-none-any.whl.metadata (2.5 kB)
#9 5.902 Collecting pyasn1>=0.6.2 (from webauthn==2.7.1->-r /tmp/requirements.txt (line 9))
#9 5.946   Downloading pyasn1-0.6.4-py3-none-any.whl.metadata (8.4 kB)
#9 6.064 Collecting cbor2>=5.6.5 (from webauthn==2.7.1->-r /tmp/requirements.txt (line 9))
#9 6.102   Downloading cbor2-6.1.4-cp311-cp311-manylinux_2_28_aarch64.whl.metadata (5.5 kB)
#9 6.164 Collecting pyOpenSSL>=25.0.0 (from webauthn==2.7.1->-r /tmp/requirements.txt (line 9))
#9 6.197   Downloading pyopenssl-26.4.0-py3-none-any.whl.metadata (22 kB)
#9 6.259 Collecting http-ece>=1.1.0 (from pywebpush==2.4.0->-r /tmp/requirements.txt (line 10))
#9 6.291   Downloading http_ece-1.2.1.tar.gz (8.8 kB)
#9 6.301   Preparing metadata (setup.py): started
#9 6.767   Preparing metadata (setup.py): finished with status 'done'
#9 6.831 Collecting aiohappyeyeballs>=2.5.0 (from aiohttp==3.14.3->-r /tmp/requirements.txt (line 11))
#9 6.867   Downloading aiohappyeyeballs-2.7.1-py3-none-any.whl.metadata (5.9 kB)
#9 6.936 Collecting aiosignal>=1.4.0 (from aiohttp==3.14.3->-r /tmp/requirements.txt (line 11))
#9 6.980   Downloading aiosignal-1.4.0-py3-none-any.whl.metadata (3.7 kB)
#9 7.055 Collecting attrs>=17.3.0 (from aiohttp==3.14.3->-r /tmp/requirements.txt (line 11))
#9 7.088   Downloading attrs-26.1.0-py3-none-any.whl.metadata (8.8 kB)
#9 7.210 Collecting frozenlist>=1.1.1 (from aiohttp==3.14.3->-r /tmp/requirements.txt (line 11))
#9 7.243   Downloading frozenlist-1.8.0-cp311-cp311-manylinux2014_aarch64.manylinux_2_17_aarch64.manylinux_2_28_aarch64.whl.metadata (20 kB)
#9 7.515 Collecting multidict<7.0,>=4.5 (from aiohttp==3.14.3->-r /tmp/requirements.txt (line 11))
#9 7.557   Downloading multidict-6.7.1-cp311-cp311-manylinux2014_aarch64.manylinux_2_17_aarch64.manylinux_2_28_aarch64.whl.metadata (5.3 kB)
#9 7.647 Collecting propcache>=0.2.0 (from aiohttp==3.14.3->-r /tmp/requirements.txt (line 11))
#9 7.687   Downloading propcache-0.5.2-cp311-cp311-manylinux2014_aarch64.manylinux_2_17_aarch64.manylinux_2_28_aarch64.whl.metadata (16 kB)
#9 7.744 Collecting typing_extensions>=4.4 (from aiohttp==3.14.3->-r /tmp/requirements.txt (line 11))
#9 7.784   Downloading typing_extensions-4.16.0-py3-none-any.whl.metadata (3.3 kB)
#9 8.016 Collecting yarl<2.0,>=1.17.0 (from aiohttp==3.14.3->-r /tmp/requirements.txt (line 11))
#9 8.053   Downloading yarl-1.24.5-cp311-cp311-manylinux2014_aarch64.manylinux_2_17_aarch64.manylinux_2_28_aarch64.whl.metadata (103 kB)
#9 8.082      ━━━━━━━━━━━━━━━━━━━━━━━━━━━━━━━━━━━━━━━ 104.0/104.0 kB 3.5 MB/s eta 0:00:00
#9 8.166 Collecting iniconfig>=1.0.1 (from pytest==9.0.3->-r /tmp/requirements-dev.txt (line 3))
#9 8.208   Downloading iniconfig-2.3.0-py3-none-any.whl.metadata (2.5 kB)
#9 8.269 Collecting pluggy<2,>=1.5 (from pytest==9.0.3->-r /tmp/requirements-dev.txt (line 3))
#9 8.301   Downloading pluggy-1.6.0-py3-none-any.whl.metadata (4.8 kB)
#9 8.379 Collecting pygments>=2.7.2 (from pytest==9.0.3->-r /tmp/requirements-dev.txt (line 3))
#9 8.412   Downloading pygments-2.21.0-py3-none-any.whl.metadata (2.5 kB)
#9 8.474 Collecting pyee<14,>=13 (from playwright==1.60.0->-r /tmp/requirements-dev.txt (line 4))
#9 8.512   Downloading pyee-13.0.1-py3-none-any.whl.metadata (3.0 kB)
#9 8.776 Collecting greenlet<4.0.0,>=3.1.1 (from playwright==1.60.0->-r /tmp/requirements-dev.txt (line 4))
#9 8.818   Downloading greenlet-3.5.5-cp311-cp311-manylinux_2_24_aarch64.manylinux_2_28_aarch64.whl.metadata (3.8 kB)
#9 8.881 Collecting CacheControl>=0.13.0 (from CacheControl[filecache]>=0.13.0->pip-audit==2.9.0->-r /tmp/requirements-dev.txt (line 6))
#9 8.919   Downloading cachecontrol-0.14.4-py3-none-any.whl.metadata (3.1 kB)
#9 9.010 Collecting cyclonedx-python-lib<10,>=5 (from pip-audit==2.9.0->-r /tmp/requirements-dev.txt (line 6))
#9 9.053   Downloading cyclonedx_python_lib-9.1.0-py3-none-any.whl.metadata (6.5 kB)
#9 9.140 Collecting pip-api>=0.0.28 (from pip-audit==2.9.0->-r /tmp/requirements-dev.txt (line 6))
#9 9.205   Downloading pip_api-0.0.34-py3-none-any.whl.metadata (6.6 kB)
#9 9.277 Collecting pip-requirements-parser>=32.0.0 (from pip-audit==2.9.0->-r /tmp/requirements-dev.txt (line 6))
#9 9.321   Downloading pip_requirements_parser-32.0.1-py3-none-any.whl.metadata (9.3 kB)
#9 9.455 Collecting rich>=12.4 (from pip-audit==2.9.0->-r /tmp/requirements-dev.txt (line 6))
#9 9.493   Downloading rich-15.0.0-py3-none-any.whl.metadata (18 kB)
#9 9.557 Collecting toml>=0.10 (from pip-audit==2.9.0->-r /tmp/requirements-dev.txt (line 6))
#9 9.596   Downloading toml-0.10.2-py2.py3-none-any.whl.metadata (7.1 kB)
#9 9.693 Collecting platformdirs>=4.2.0 (from pip-audit==2.9.0->-r /tmp/requirements-dev.txt (line 6))
#9 9.731   Downloading platformdirs-4.11.7-py3-none-any.whl.metadata (5.5 kB)
#9 9.859 Collecting cffi>=2.0.0 (from cryptography>=42.0.0->-r /tmp/requirements.txt (line 13))
#9 9.895   Downloading cffi-2.1.1-cp311-cp311-manylinux2014_aarch64.manylinux_2_17_aarch64.whl.metadata (2.5 kB)
#9 10.02 Collecting msgpack<2.0.0,>=0.5.2 (from CacheControl>=0.13.0->CacheControl[filecache]>=0.13.0->pip-audit==2.9.0->-r /tmp/requirements-dev.txt (line 6))
#9 10.06   Downloading msgpack-1.2.2-cp311-cp311-manylinux2014_aarch64.manylinux_2_17_aarch64.manylinux_2_28_aarch64.whl.metadata (8.3 kB)
#9 10.15 Collecting filelock>=3.8.0 (from CacheControl[filecache]>=0.13.0->pip-audit==2.9.0->-r /tmp/requirements-dev.txt (line 6))
#9 10.20   Downloading filelock-3.32.5-py3-none-any.whl.metadata (2.0 kB)
#9 10.25 Collecting pycparser (from cffi>=2.0.0->cryptography>=42.0.0->-r /tmp/requirements.txt (line 13))
#9 10.31   Downloading pycparser-3.0-py3-none-any.whl.metadata (8.2 kB)
#9 10.39 Collecting license-expression<31,>=30 (from cyclonedx-python-lib<10,>=5->pip-audit==2.9.0->-r /tmp/requirements-dev.txt (line 6))
#9 10.42   Downloading license_expression-30.4.4-py3-none-any.whl.metadata (11 kB)
#9 10.49 Collecting packageurl-python<2,>=0.11 (from cyclonedx-python-lib<10,>=5->pip-audit==2.9.0->-r /tmp/requirements-dev.txt (line 6))
#9 10.53   Downloading packageurl_python-0.17.6-py3-none-any.whl.metadata (5.1 kB)
#9 10.60 Collecting py-serializable<3.0.0,>=2.0.0 (from cyclonedx-python-lib<10,>=5->pip-audit==2.9.0->-r /tmp/requirements-dev.txt (line 6))
#9 10.64   Downloading py_serializable-2.1.0-py3-none-any.whl.metadata (4.3 kB)
#9 10.70 Collecting sortedcontainers<3.0.0,>=2.4.0 (from cyclonedx-python-lib<10,>=5->pip-audit==2.9.0->-r /tmp/requirements-dev.txt (line 6))
#9 10.75   Downloading sortedcontainers-2.4.0-py2.py3-none-any.whl.metadata (10 kB)
#9 10.92 Collecting pip (from pip-api>=0.0.28->pip-audit==2.9.0->-r /tmp/requirements-dev.txt (line 6))
#9 10.96   Downloading pip-26.2.1-py3-none-any.whl.metadata (4.6 kB)
#9 11.06 Collecting pyparsing (from pip-requirements-parser>=32.0.0->pip-audit==2.9.0->-r /tmp/requirements-dev.txt (line 6))
#9 11.12   Downloading pyparsing-3.3.2-py3-none-any.whl.metadata (5.8 kB)
#9 11.25 Collecting markdown-it-py>=2.2.0 (from rich>=12.4->pip-audit==2.9.0->-r /tmp/requirements-dev.txt (line 6))
#9 11.30   Downloading markdown_it_py-4.2.0-py3-none-any.whl.metadata (7.4 kB)
#9 11.40 Collecting boolean.py>=4.0 (from license-expression<31,>=30->cyclonedx-python-lib<10,>=5->pip-audit==2.9.0->-r /tmp/requirements-dev.txt (line 6))
#9 11.43   Downloading boolean_py-5.0-py3-none-any.whl.metadata (2.3 kB)
#9 11.52 Collecting mdurl~=0.1 (from markdown-it-py>=2.2.0->rich>=12.4->pip-audit==2.9.0->-r /tmp/requirements-dev.txt (line 6))
#9 11.56   Downloading mdurl-0.1.2-py3-none-any.whl.metadata (1.6 kB)
#9 11.64 Collecting defusedxml<0.8.0,>=0.7.1 (from py-serializable<3.0.0,>=2.0.0->cyclonedx-python-lib<10,>=5->pip-audit==2.9.0->-r /tmp/requirements-dev.txt (line 6))
#9 11.68   Downloading defusedxml-0.7.1-py2.py3-none-any.whl.metadata (32 kB)
#9 11.77 Downloading flask-3.1.3-py3-none-any.whl (103 kB)
#9 11.78    ━━━━━━━━━━━━━━━━━━━━━━━━━━━━━━━━━━━━━━━━ 103.4/103.4 kB 12.2 MB/s eta 0:00:00
#9 11.82 Downloading Flask_Login-0.6.3-py3-none-any.whl (17 kB)
#9 11.85 Downloading gunicorn-23.0.0-py3-none-any.whl (85 kB)
#9 11.86    ━━━━━━━━━━━━━━━━━━━━━━━━━━━━━━━━━━━━━━━━ 85.0/85.0 kB 28.7 MB/s eta 0:00:00
#9 11.98 Downloading requests-2.34.2-py3-none-any.whl (73 kB)
#9 11.99    ━━━━━━━━━━━━━━━━━━━━━━━━━━━━━━━━━━━━━━━━ 73.1/73.1 kB 86.2 MB/s eta 0:00:00
#9 12.03 Downloading urllib3-2.7.0-py3-none-any.whl (131 kB)
#9 12.04    ━━━━━━━━━━━━━━━━━━━━━━━━━━━━━━━━━━━━━━━━ 131.1/131.1 kB 16.9 MB/s eta 0:00:00
#9 12.09 Downloading click-8.5.0-py3-none-any.whl (125 kB)
#9 12.10    ━━━━━━━━━━━━━━━━━━━━━━━━━━━━━━━━━━━━━━━━ 125.3/125.3 kB 13.0 MB/s eta 0:00:00
#9 12.15 Downloading webauthn-2.7.1-py3-none-any.whl (71 kB)
#9 12.15    ━━━━━━━━━━━━━━━━━━━━━━━━━━━━━━━━━━━━━━━━ 71.7/71.7 kB 80.2 MB/s eta 0:00:00
#9 12.19 Downloading pywebpush-2.4.0-py3-none-any.whl (21 kB)
#9 12.22 Downloading aiohttp-3.14.3-cp311-cp311-manylinux2014_aarch64.manylinux_2_17_aarch64.manylinux_2_28_aarch64.whl (1.8 MB)
#9 12.31    ━━━━━━━━━━━━━━━━━━━━━━━━━━━━━━━━━━━━━━━━ 1.8/1.8 MB 22.0 MB/s eta 0:00:00
#9 12.36 Downloading py_vapid-1.9.4-py2.py3-none-any.whl (23 kB)
#9 12.41 Downloading pytest-9.0.3-py3-none-any.whl (375 kB)
#9 12.42    ━━━━━━━━━━━━━━━━━━━━━━━━━━━━━━━━━━━━━━━━ 375.2/375.2 kB 78.5 MB/s eta 0:00:00
#9 12.47 Downloading playwright-1.60.0-py3-none-manylinux_2_17_aarch64.manylinux2014_aarch64.whl (47.2 MB)
#9 13.21    ━━━━━━━━━━━━━━━━━━━━━━━━━━━━━━━━━━━━━━━━ 47.2/47.2 MB 86.9 MB/s eta 0:00:00
#9 13.25 Downloading ruff-0.16.4-py3-none-manylinux_2_17_aarch64.manylinux2014_aarch64.whl (10.0 MB)
#9 13.40    ━━━━━━━━━━━━━━━━━━━━━━━━━━━━━━━━━━━━━━━━ 10.0/10.0 MB 65.9 MB/s eta 0:00:00
#9 13.45 Downloading pip_audit-2.9.0-py3-none-any.whl (58 kB)
#9 13.45    ━━━━━━━━━━━━━━━━━━━━━━━━━━━━━━━━━━━━━━━━ 58.6/58.6 kB 74.5 MB/s eta 0:00:00
#9 13.48 Downloading cryptography-50.0.1-cp311-abi3-manylinux_2_34_aarch64.whl (4.7 MB)
#9 13.53    ━━━━━━━━━━━━━━━━━━━━━━━━━━━━━━━━━━━━━━━━ 4.7/4.7 MB 94.1 MB/s eta 0:00:00
#9 13.57 Downloading pypdf-6.18.0-py3-none-any.whl (393 kB)
#9 13.57    ━━━━━━━━━━━━━━━━━━━━━━━━━━━━━━━━━━━━━━━━ 393.8/393.8 kB 74.3 MB/s eta 0:00:00
#9 13.61 Downloading pillow-12.3.0-cp311-cp311-manylinux_2_27_aarch64.manylinux_2_28_aarch64.whl (6.3 MB)
#9 13.68    ━━━━━━━━━━━━━━━━━━━━━━━━━━━━━━━━━━━━━━━━ 6.3/6.3 MB 84.5 MB/s eta 0:00:00
#9 13.72 Downloading aiohappyeyeballs-2.7.1-py3-none-any.whl (15 kB)
#9 13.75 Downloading aiosignal-1.4.0-py3-none-any.whl (7.5 kB)
#9 13.80 Downloading attrs-26.1.0-py3-none-any.whl (67 kB)
#9 13.80    ━━━━━━━━━━━━━━━━━━━━━━━━━━━━━━━━━━━━━━━━ 67.5/67.5 kB 12.9 MB/s eta 0:00:00
#9 13.84 Downloading blinker-1.9.0-py3-none-any.whl (8.5 kB)
#9 13.89 Downloading cachecontrol-0.14.4-py3-none-any.whl (22 kB)
#9 13.92 Downloading cbor2-6.1.4-cp311-cp311-manylinux_2_28_aarch64.whl (457 kB)
#9 13.94    ━━━━━━━━━━━━━━━━━━━━━━━━━━━━━━━━━━━━━━━━ 457.3/457.3 kB 60.1 MB/s eta 0:00:00
#9 13.98 Downloading certifi-2026.7.22-py3-none-any.whl (136 kB)
#9 13.98    ━━━━━━━━━━━━━━━━━━━━━━━━━━━━━━━━━━━━━━━━ 137.0/137.0 kB 43.6 MB/s eta 0:00:00
#9 14.02 Downloading cffi-2.1.1-cp311-cp311-manylinux2014_aarch64.manylinux_2_17_aarch64.whl (218 kB)
#9 14.03    ━━━━━━━━━━━━━━━━━━━━━━━━━━━━━━━━━━━━━━━━ 218.7/218.7 kB 37.1 MB/s eta 0:00:00
#9 14.08 Downloading charset_normalizer-3.5.1-cp311-cp311-manylinux2014_aarch64.manylinux_2_17_aarch64.manylinux_2_28_aarch64.whl (251 kB)
#9 14.08    ━━━━━━━━━━━━━━━━━━━━━━━━━━━━━━━━━━━━━━━ 251.2/251.2 kB 148.2 MB/s eta 0:00:00
#9 14.12 Downloading cyclonedx_python_lib-9.1.0-py3-none-any.whl (374 kB)
#9 14.13    ━━━━━━━━━━━━━━━━━━━━━━━━━━━━━━━━━━━━━━━━ 375.0/375.0 kB 35.2 MB/s eta 0:00:00
#9 14.17 Downloading frozenlist-1.8.0-cp311-cp311-manylinux2014_aarch64.manylinux_2_17_aarch64.manylinux_2_28_aarch64.whl (233 kB)
#9 14.18    ━━━━━━━━━━━━━━━━━━━━━━━━━━━━━━━━━━━━━━━ 233.2/233.2 kB 132.9 MB/s eta 0:00:00
#9 14.23 Downloading greenlet-3.5.5-cp311-cp311-manylinux_2_24_aarch64.manylinux_2_28_aarch64.whl (613 kB)
#9 14.24    ━━━━━━━━━━━━━━━━━━━━━━━━━━━━━━━━━━━━━━━ 613.6/613.6 kB 127.9 MB/s eta 0:00:00
#9 14.28 Downloading idna-3.19-py3-none-any.whl (68 kB)
#9 14.28    ━━━━━━━━━━━━━━━━━━━━━━━━━━━━━━━━━━━━━━━━ 68.5/68.5 kB 106.2 MB/s eta 0:00:00
#9 14.32 Downloading iniconfig-2.3.0-py3-none-any.whl (7.5 kB)
#9 14.38 Downloading itsdangerous-2.2.0-py3-none-any.whl (16 kB)
#9 14.43 Downloading jinja2-3.1.6-py3-none-any.whl (134 kB)
#9 14.43    ━━━━━━━━━━━━━━━━━━━━━━━━━━━━━━━━━━━━━━━━ 134.9/134.9 kB 86.0 MB/s eta 0:00:00
#9 14.48 Downloading markupsafe-3.0.3-cp311-cp311-manylinux2014_aarch64.manylinux_2_17_aarch64.manylinux_2_28_aarch64.whl (24 kB)
#9 14.53 Downloading multidict-6.7.1-cp311-cp311-manylinux2014_aarch64.manylinux_2_17_aarch64.manylinux_2_28_aarch64.whl (246 kB)
#9 14.54    ━━━━━━━━━━━━━━━━━━━━━━━━━━━━━━━━━━━━━━━━ 246.4/246.4 kB 54.9 MB/s eta 0:00:00
#9 14.59 Downloading pip_api-0.0.34-py3-none-any.whl (120 kB)
#9 14.60    ━━━━━━━━━━━━━━━━━━━━━━━━━━━━━━━━━━━━━━━ 120.4/120.4 kB 118.8 MB/s eta 0:00:00
#9 14.64 Downloading pip_requirements_parser-32.0.1-py3-none-any.whl (35 kB)
#9 14.69 Downloading platformdirs-4.11.7-py3-none-any.whl (23 kB)
#9 14.73 Downloading pluggy-1.6.0-py3-none-any.whl (20 kB)
#9 14.78 Downloading propcache-0.5.2-cp311-cp311-manylinux2014_aarch64.manylinux_2_17_aarch64.manylinux_2_28_aarch64.whl (57 kB)
#9 14.78    ━━━━━━━━━━━━━━━━━━━━━━━━━━━━━━━━━━━━━━━━ 57.6/57.6 kB 42.7 MB/s eta 0:00:00
#9 14.82 Downloading pyasn1-0.6.4-py3-none-any.whl (84 kB)
#9 14.86    ━━━━━━━━━━━━━━━━━━━━━━━━━━━━━━━━━━━━━━━━ 84.4/84.4 kB 89.5 MB/s eta 0:00:00
#9 14.94 Downloading pyee-13.0.1-py3-none-any.whl (15 kB)
#9 14.99 Downloading pygments-2.21.0-py3-none-any.whl (1.3 MB)
#9 15.00    ━━━━━━━━━━━━━━━━━━━━━━━━━━━━━━━━━━━━━━━━ 1.3/1.3 MB 98.1 MB/s eta 0:00:00
#9 15.04 Downloading pyopenssl-26.4.0-py3-none-any.whl (56 kB)
#9 15.05    ━━━━━━━━━━━━━━━━━━━━━━━━━━━━━━━━━━━━━━━━ 56.0/56.0 kB 45.3 MB/s eta 0:00:00
#9 15.09 Downloading rich-15.0.0-py3-none-any.whl (310 kB)
#9 15.10    ━━━━━━━━━━━━━━━━━━━━━━━━━━━━━━━━━━━━━━━━ 310.7/310.7 kB 83.3 MB/s eta 0:00:00
#9 15.14 Downloading toml-0.10.2-py2.py3-none-any.whl (16 kB)
#9 15.19 Downloading typing_extensions-4.16.0-py3-none-any.whl (45 kB)
#9 15.19    ━━━━━━━━━━━━━━━━━━━━━━━━━━━━━━━━━━━━━━━━ 45.6/45.6 kB 77.5 MB/s eta 0:00:00
#9 15.24 Downloading werkzeug-3.1.8-py3-none-any.whl (226 kB)
#9 15.25    ━━━━━━━━━━━━━━━━━━━━━━━━━━━━━━━━━━━━━━━━ 226.5/226.5 kB 81.0 MB/s eta 0:00:00
#9 15.29 Downloading yarl-1.24.5-cp311-cp311-manylinux2014_aarch64.manylinux_2_17_aarch64.manylinux_2_28_aarch64.whl (110 kB)
#9 15.29    ━━━━━━━━━━━━━━━━━━━━━━━━━━━━━━━━━━━━━━━━ 110.5/110.5 kB 51.0 MB/s eta 0:00:00
#9 15.33 Downloading filelock-3.32.5-py3-none-any.whl (100 kB)
#9 15.33    ━━━━━━━━━━━━━━━━━━━━━━━━━━━━━━━━━━━━━━━ 100.0/100.0 kB 310.1 MB/s eta 0:00:00
#9 15.37 Downloading license_expression-30.4.4-py3-none-any.whl (120 kB)
#9 15.37    ━━━━━━━━━━━━━━━━━━━━━━━━━━━━━━━━━━━━━━━━ 120.6/120.6 kB 34.6 MB/s eta 0:00:00
#9 15.44 Downloading markdown_it_py-4.2.0-py3-none-any.whl (91 kB)
#9 15.44    ━━━━━━━━━━━━━━━━━━━━━━━━━━━━━━━━━━━━━━━━ 91.7/91.7 kB 22.0 MB/s eta 0:00:00
#9 15.49 Downloading msgpack-1.2.2-cp311-cp311-manylinux2014_aarch64.manylinux_2_17_aarch64.manylinux_2_28_aarch64.whl (413 kB)
#9 15.50    ━━━━━━━━━━━━━━━━━━━━━━━━━━━━━━━━━━━━━━━━ 413.3/413.3 kB 48.1 MB/s eta 0:00:00
#9 15.55 Downloading packageurl_python-0.17.6-py3-none-any.whl (36 kB)
#9 15.60 Downloading py_serializable-2.1.0-py3-none-any.whl (23 kB)
#9 15.66 Downloading sortedcontainers-2.4.0-py2.py3-none-any.whl (29 kB)
#9 15.71 Downloading pip-26.2.1-py3-none-any.whl (1.8 MB)
#9 15.76    ━━━━━━━━━━━━━━━━━━━━━━━━━━━━━━━━━━━━━━━━ 1.8/1.8 MB 38.9 MB/s eta 0:00:00
#9 15.82 Downloading pycparser-3.0-py3-none-any.whl (48 kB)
#9 15.83    ━━━━━━━━━━━━━━━━━━━━━━━━━━━━━━━━━━━━━━━━ 48.2/48.2 kB 47.7 MB/s eta 0:00:00
#9 15.87 Downloading pyparsing-3.3.2-py3-none-any.whl (122 kB)
#9 15.87    ━━━━━━━━━━━━━━━━━━━━━━━━━━━━━━━━━━━━━━━━ 122.8/122.8 kB 41.6 MB/s eta 0:00:00
#9 15.91 Downloading boolean_py-5.0-py3-none-any.whl (26 kB)
#9 15.96 Downloading defusedxml-0.7.1-py2.py3-none-any.whl (25 kB)
#9 16.00 Downloading mdurl-0.1.2-py3-none-any.whl (10.0 kB)
#9 16.13 Building wheels for collected packages: http-ece
#9 16.14   Building wheel for http-ece (setup.py): started
#9 16.51   Building wheel for http-ece (setup.py): finished with status 'done'
#9 16.51   Created wheel for http-ece: filename=http_ece-1.2.1-py2.py3-none-any.whl size=4848 sha256=d7e2c947f8c00f3f67ab1d74175fc63f98eb2ccedd326994cd9b4ef9a76306c0
#9 16.52   Stored in directory: /tmp/pip-ephem-wheel-cache-z650l9bd/wheels/f6/71/2f/56e4f843a88c67685db9ddd0161a07f5bed6a8f92be2a52cf3
#9 16.52 Successfully built http-ece
#9 16.70 Installing collected packages: sortedcontainers, boolean.py, urllib3, typing_extensions, toml, ruff, pypdf, pyparsing, pygments, pycparser, pyasn1, propcache, pluggy, platformdirs, pip, Pillow, packageurl-python, multidict, msgpack, mdurl, markupsafe, license-expression, itsdangerous, iniconfig, idna, gunicorn, greenlet, frozenlist, filelock, defusedxml, click, charset_normalizer, certifi, cbor2, blinker, attrs, aiohappyeyeballs, yarl, werkzeug, requests, pytest, pyee, py-serializable, pip-requirements-parser, pip-api, markdown-it-py, jinja2, cffi, aiosignal, rich, playwright, flask, cyclonedx-python-lib, cryptography, CacheControl, aiohttp, pyOpenSSL, py-vapid, http-ece, flask-login, webauthn, pywebpush, pip-audit
#9 18.28   Attempting uninstall: pip
#9 18.29     Found existing installation: pip 24.0
#9 18.33     Uninstalling pip-24.0:
#9 18.57       Successfully uninstalled pip-24.0
#9 24.54 Successfully installed CacheControl-0.14.4 Pillow-12.3.0 aiohappyeyeballs-2.7.1 aiohttp-3.14.3 aiosignal-1.4.0 attrs-26.1.0 blinker-1.9.0 boolean.py-5.0 cbor2-6.1.4 certifi-2026.7.22 cffi-2.1.1 charset_normalizer-3.5.1 click-8.5.0 cryptography-50.0.1 cyclonedx-python-lib-9.1.0 defusedxml-0.7.1 filelock-3.32.5 flask-3.1.3 flask-login-0.6.3 frozenlist-1.8.0 greenlet-3.5.5 gunicorn-23.0.0 http-ece-1.2.1 idna-3.19 iniconfig-2.3.0 itsdangerous-2.2.0 jinja2-3.1.6 license-expression-30.4.4 markdown-it-py-4.2.0 markupsafe-3.0.3 mdurl-0.1.2 msgpack-1.2.2 multidict-6.7.1 packageurl-python-0.17.6 pip-26.2.1 pip-api-0.0.34 pip-audit-2.9.0 pip-requirements-parser-32.0.1 platformdirs-4.11.7 playwright-1.60.0 pluggy-1.6.0 propcache-0.5.2 py-serializable-2.1.0 py-vapid-1.9.4 pyOpenSSL-26.4.0 pyasn1-0.6.4 pycparser-3.0 pyee-13.0.1 pygments-2.21.0 pyparsing-3.3.2 pypdf-6.18.0 pytest-9.0.3 pywebpush-2.4.0 requests-2.34.2 rich-15.0.0 ruff-0.16.4 sortedcontainers-2.4.0 toml-0.10.2 typing_extensions-4.16.0 urllib3-2.7.0 webauthn-2.7.1 werkzeug-3.1.8 yarl-1.24.5
#9 24.54 WARNING: Running pip as the 'root' user can result in broken permissions and conflicting behaviour with the system package manager. It is recommended to use a virtual environment instead: https://pip.pypa.io/warnings/venv
#9 DONE 27.7s

#10 [6/6] COPY . /app
#10 DONE 0.2s

#11 exporting to image
#11 exporting layers
#11 exporting layers 20.1s done
#11 exporting manifest sha256:21b21e7f8116c82182bf35a7ca53a50bb393bd1d879b8053c653312c7ac9f56c 0.0s done
#11 exporting config sha256:40af576ab7d6edbb24dcca7f8f0aa29dc6c3099a319caa11b00e4e4dd66b9686 done
#11 exporting attestation manifest sha256:83e8a3d28244e2d31c3b9f21c8a5e3f9d7295fd46ff2481f4b1345603e17edc9 done
#11 exporting manifest list sha256:26210e35c22a2a1163dbf9addbf1309e85fe7803658eec28441ee790426bba56 done
#11 naming to docker.io/library/meridian-readiness:20260913 done
#11 unpacking to docker.io/library/meridian-readiness:20260913
#11 unpacking to docker.io/library/meridian-readiness:20260913 5.7s done
#11 DONE 25.9s
