#0 building with "desktop-linux" instance using docker driver

#1 [internal] load build definition from Dockerfile.readiness
#1 transferring dockerfile: 496B done
#1 DONE 0.0s

#2 [internal] load metadata for docker.io/library/python:3.11-slim
#2 DONE 0.2s

#3 [internal] load .dockerignore
#3 transferring context: 2B done
#3 DONE 0.0s

#4 [1/5] FROM docker.io/library/python:3.11-slim@sha256:be1575ed968de893bd54f4c56315ff7c4736ce522c1bca08fd521731aafc0d76
#4 resolve docker.io/library/python:3.11-slim@sha256:be1575ed968de893bd54f4c56315ff7c4736ce522c1bca08fd521731aafc0d76 0.0s done
#4 DONE 0.1s

#5 [internal] load build context
#5 transferring context: 1.35MB 901.4s
#5 transferring context: 10.26MB 902.4s done
#5 DONE 902.4s

#6 [3/5] COPY requirements.txt requirements-dev.txt readiness-constraints.txt /tmp/
#6 CACHED

#7 [2/5] WORKDIR /app
#7 CACHED

#8 [4/5] RUN python -m pip install --no-cache-dir -c /tmp/readiness-constraints.txt -r /tmp/requirements.txt -r /tmp/requirements-dev.txt
#8 CACHED

#9 [5/5] COPY . /app
#9 DONE 0.2s

#10 exporting to image
#10 exporting layers
#10 exporting layers 0.3s done
#10 exporting manifest sha256:7203dde31a747ac208eaa1d9611c76e3ca7bf3615ffcbcb39dd32ec824180fa6 done
#10 exporting config sha256:b56f169b755ebde8f7996a585f96ccdf6ac019ed0fb89faf73f29c96a304d89a done
#10 exporting attestation manifest sha256:30711a60f1088c93a304a4ec7355ba5bcd60fd928fb1bfdd79d016fc679e4ee0 0.0s done
#10 exporting manifest list sha256:cbe2d417a1cd9b11b363e0b01def70db987c6eff9ba85f90c9546d6f18b79817 done
#10 naming to docker.io/library/meridian-readiness:20260913 done
#10 unpacking to docker.io/library/meridian-readiness:20260913 0.1s done
#10 DONE 0.5s
